Student filters: {
  income: 250000,
  category: 'OBC',
  state: 'Delhi',
  gender: 'Non-binary',
  academicPercentage: 75
}
Found 0 matches with AND filters.
Filter {"OR":[{"maxIncome":{"gte":250000}},{"maxIncome":n... found: 5
Filter {"OR":[{"minPercentage":{"lte":75}},{"minPercentag... found: 4
Filter {"OR":[{"categoryEligible":{"has":"OBC"}},{"catego... found: 5
Filter {"OR":[{"state":{"equals":"Delhi","mode":"insensit... found: 5
Filter {"OR":[{"gender":{"equals":"Non-binary","mode":"in... found: 6
